./common/mero/m0common.c
./examples_kvs/redis/hiredis/hiredis_example.c
./extstore/extstore_cp_from.c
./extstore/extstore_cp_to.c
./extstore/mero/extstore.c
./extstore/mero/m0store_cp_from.c
./extstore/mero/m0store_cp_to.c
./extstore/posix_obj/extstore.c
./extstore/posix_store/extstore.c
./kvsal/mero/kvsal_mero.c
./kvsal/redis/kvsal_redis.c
./kvsal_non_reg/kvsal_del_1.c
./kvsal_non_reg/kvsal_del_many_transaction.c
./kvsal_non_reg/kvsal_exists_1.c
./kvsal_non_reg/kvsal_get_1.c
./kvsal_non_reg/kvsal_get_list.c
./kvsal_non_reg/kvsal_set_1.c
./kvsal_non_reg/kvsal_set_many_transaction.c
./kvsns/kvsns_copy.c
./kvsns/kvsns_file.c
./kvsns/kvsns_handle.c
./kvsns/kvsns_init.c
./kvsns/kvsns_internal.c
./kvsns/kvsns_xattr.c
./kvsns_attach/kvsns_attach.c
./kvsns_shell/kvsns_busybox.c
./kvsns_shell/kvsns_cp.c
./tests/kvsns_del_char.c
./tests/kvsns_file_test_unlink_on_close.c
./tests/kvsns_file_test_write.c
./tests/kvsns_get_char.c
./tests/kvsns_get_list.c
./tests/kvsns_ino_incr.c
./tests/kvsns_set_char.c
./tests/kvsns_test.c
